
Discarded input sections

 .group         0x00000000        0xc /tmp/ccgAWLUb.o
 .group         0x00000000        0xc /tmp/ccgAWLUb.o
 .text          0x00000000        0x0 /tmp/ccgAWLUb.o
 .data          0x00000000        0x0 /tmp/ccgAWLUb.o
 .bss           0x00000000        0x0 /tmp/ccgAWLUb.o

Memory Configuration

Name             Origin             Length             Attributes
flash            0x08000000         0x00010000         xr
sram             0x20000000         0x00005000         xrw
*default*        0x00000000         0xffffffff

Linker script and memory map

LOAD /tmp/ccgAWLUb.o
LOAD /usr/lib/gcc/arm-none-eabi/14.2.1/../../../arm-none-eabi/lib/thumb/v7-m/nofp/libc_nano.a
LOAD /usr/lib/gcc/arm-none-eabi/14.2.1/thumb/v7-m/nofp/libgcc.a
                0x20005000                        _estack = (ORIGIN (sram) + LENGTH (sram))

.vectors        0x08000000        0x8
 *(.vectors)
 .vectors       0x08000000        0x8 /tmp/ccgAWLUb.o
                0x08000000                tab

.text           0x08000008       0xb4
 *(.text*)
 .text.delay    0x08000008       0x20 /tmp/ccgAWLUb.o
 .text.main     0x08000028       0x50 /tmp/ccgAWLUb.o
                0x08000028                main
 .text._reset   0x08000078       0x44 /tmp/ccgAWLUb.o
                0x08000078                _reset

.glue_7         0x080000bc        0x0
 .glue_7        0x080000bc        0x0 linker stubs

.glue_7t        0x080000bc        0x0
 .glue_7t       0x080000bc        0x0 linker stubs

.vfp11_veneer   0x080000bc        0x0
 .vfp11_veneer  0x080000bc        0x0 linker stubs

.v4_bx          0x080000bc        0x0
 .v4_bx         0x080000bc        0x0 linker stubs

.iplt           0x080000bc        0x0
 .iplt          0x080000bc        0x0 /tmp/ccgAWLUb.o

.rel.dyn        0x080000bc        0x0
 .rel.iplt      0x080000bc        0x0 /tmp/ccgAWLUb.o

.rodata
 *(.rodata*)

.data           0x20000000        0x0 load address 0x080000bc
                0x20000000                        _sdata = .
 *(.first_data)
 *(.data SORT_BY_NAME(.data.*))
                0x20000000                        _edata = .
                0x080000bc                        _sidata = LOADADDR (.data)

.igot.plt       0x20000000        0x0 load address 0x080000bc
 .igot.plt      0x20000000        0x0 /tmp/ccgAWLUb.o

.bss            0x20000000        0x0 load address 0x080000bc
                0x20000000                        _sbss = .
 *(.bss SORT_BY_NAME(.bss.*) COMMON)
                0x20000000                        _ebss = .
                0x20000000                        . = ALIGN (0x8)
                0x20000000                        _end = .
OUTPUT(firmware.elf elf32-littlearm)
LOAD linker stubs

.debug_info     0x00000000      0x181
 .debug_info    0x00000000      0x181 /tmp/ccgAWLUb.o

.debug_abbrev   0x00000000      0x12e
 .debug_abbrev  0x00000000      0x12e /tmp/ccgAWLUb.o

.debug_aranges  0x00000000       0x30
 .debug_aranges
                0x00000000       0x30 /tmp/ccgAWLUb.o

.debug_rnglists
                0x00000000       0x1f
 .debug_rnglists
                0x00000000       0x1f /tmp/ccgAWLUb.o

.debug_macro    0x00000000      0xe4c
 .debug_macro   0x00000000       0x44 /tmp/ccgAWLUb.o
 .debug_macro   0x00000044      0xaba /tmp/ccgAWLUb.o
 .debug_macro   0x00000afe      0x34e /tmp/ccgAWLUb.o

.debug_line     0x00000000      0x113
 .debug_line    0x00000000      0x113 /tmp/ccgAWLUb.o

.debug_str      0x00000000     0x384d
 .debug_str     0x00000000     0x384d /tmp/ccgAWLUb.o
                               0x39b0 (size before relaxing)

.comment        0x00000000       0x26
 .comment       0x00000000       0x26 /tmp/ccgAWLUb.o
                                 0x27 (size before relaxing)

.ARM.attributes
                0x00000000       0x2d
 .ARM.attributes
                0x00000000       0x2d /tmp/ccgAWLUb.o

.debug_frame    0x00000000       0x64
 .debug_frame   0x00000000       0x64 /tmp/ccgAWLUb.o
