
Discarded input sections

 .group         0x00000000        0xc /tmp/ccSNuWKx.o
 .group         0x00000000        0xc /tmp/ccSNuWKx.o
 .text          0x00000000        0x0 /tmp/ccSNuWKx.o
 .data          0x00000000        0x0 /tmp/ccSNuWKx.o
 .bss           0x00000000        0x0 /tmp/ccSNuWKx.o

Memory Configuration

Name             Origin             Length             Attributes
flash            0x08000000         0x00010000         xr
sram             0x20000000         0x00005000         xrw
*default*        0x00000000         0xffffffff

Linker script and memory map

LOAD /tmp/ccSNuWKx.o
LOAD /usr/lib/gcc/arm-none-eabi/14.2.1/../../../arm-none-eabi/lib/thumb/v7-m/nofp/libc_nano.a
LOAD /usr/lib/gcc/arm-none-eabi/14.2.1/thumb/v7-m/nofp/libgcc.a
                0x20005000                        _estack = (ORIGIN (sram) + LENGTH (sram))

.vectors        0x08000000        0x8
 *(.vectors)
 .vectors       0x08000000        0x8 /tmp/ccSNuWKx.o
                0x08000000                tab

.text           0x08000008       0x64
 *(.text*)
 .text.main     0x08000008       0x20 /tmp/ccSNuWKx.o
                0x08000008                main
 .text._reset   0x08000028       0x44 /tmp/ccSNuWKx.o
                0x08000028                _reset

.glue_7         0x0800006c        0x0
 .glue_7        0x0800006c        0x0 linker stubs

.glue_7t        0x0800006c        0x0
 .glue_7t       0x0800006c        0x0 linker stubs

.vfp11_veneer   0x0800006c        0x0
 .vfp11_veneer  0x0800006c        0x0 linker stubs

.v4_bx          0x0800006c        0x0
 .v4_bx         0x0800006c        0x0 linker stubs

.iplt           0x0800006c        0x0
 .iplt          0x0800006c        0x0 /tmp/ccSNuWKx.o

.rel.dyn        0x0800006c        0x0
 .rel.iplt      0x0800006c        0x0 /tmp/ccSNuWKx.o

.rodata
 *(.rodata*)

.data           0x20000000        0x0 load address 0x0800006c
                0x20000000                        _sdata = .
 *(.first_data)
 *(.data SORT_BY_NAME(.data.*))
                0x20000000                        _edata = .
                0x0800006c                        _sidata = LOADADDR (.data)

.igot.plt       0x20000000        0x0 load address 0x0800006c
 .igot.plt      0x20000000        0x0 /tmp/ccSNuWKx.o

.bss            0x20000000        0x0 load address 0x0800006c
                0x20000000                        _sbss = .
 *(.bss SORT_BY_NAME(.bss.*) COMMON)
                0x20000000                        _ebss = .
                0x20000000                        . = ALIGN (0x8)
                0x20000000                        _end = .
OUTPUT(firmware.elf elf32-littlearm)
LOAD linker stubs

.debug_info     0x00000000      0x178
 .debug_info    0x00000000      0x178 /tmp/ccSNuWKx.o

.debug_abbrev   0x00000000      0x110
 .debug_abbrev  0x00000000      0x110 /tmp/ccSNuWKx.o

.debug_aranges  0x00000000       0x28
 .debug_aranges
                0x00000000       0x28 /tmp/ccSNuWKx.o

.debug_rnglists
                0x00000000       0x19
 .debug_rnglists
                0x00000000       0x19 /tmp/ccSNuWKx.o

.debug_macro    0x00000000      0xe22
 .debug_macro   0x00000000       0x1a /tmp/ccSNuWKx.o
 .debug_macro   0x0000001a      0xaba /tmp/ccSNuWKx.o
 .debug_macro   0x00000ad4      0x34e /tmp/ccSNuWKx.o

.debug_line     0x00000000       0xdd
 .debug_line    0x00000000       0xdd /tmp/ccSNuWKx.o

.debug_str      0x00000000     0x3746
 .debug_str     0x00000000     0x3746 /tmp/ccSNuWKx.o
                               0x38a9 (size before relaxing)

.comment        0x00000000       0x26
 .comment       0x00000000       0x26 /tmp/ccSNuWKx.o
                                 0x27 (size before relaxing)

.ARM.attributes
                0x00000000       0x2d
 .ARM.attributes
                0x00000000       0x2d /tmp/ccSNuWKx.o

.debug_frame    0x00000000       0x3c
 .debug_frame   0x00000000       0x3c /tmp/ccSNuWKx.o
